// Jest Snapshot v1, https://goo.gl/fbAQLP

exports[`allows providing a custom display name 1`] = `
<View
  style={
    {
      "flex": 1,
    }
  }
/>
`;

exports[`exposed primitives have proper display names 1`] = `
<Text
  style={
    {
      "color": "red",
    }
  }
/>
`;

exports[`exposed primitives have proper display names 2`] = `
<View
  accessibilityState={
    {
      "busy": undefined,
      "checked": undefined,
      "disabled": undefined,
      "expanded": undefined,
      "selected": undefined,
    }
  }
  accessibilityValue={
    {
      "max": undefined,
      "min": undefined,
      "now": undefined,
      "text": undefined,
    }
  }
  accessible={true}
  collapsable={false}
  focusable={false}
  onClick={[Function]}
  onResponderGrant={[Function]}
  onResponderMove={[Function]}
  onResponderRelease={[Function]}
  onResponderTerminate={[Function]}
  onResponderTerminationRequest={[Function]}
  onStartShouldSetResponder={[Function]}
  style={
    {
      "flex": 1,
      "opacity": 1,
    }
  }
/>
`;

exports[`exposed primitives have proper display names 3`] = `
<View
  style={
    {
      "flex": 1,
    }
  }
/>
`;

exports[`falls back to Component.name if Component.displayName cannot be inferred 1`] = `null`;

exports[`falls back to Component.name if Component.displayName cannot be inferred 2`] = `null`;

exports[`has proper display name 1`] = `
<Text
  style={
    {
      "color": "red",
    }
  }
/>
`;

exports[`keeps custom display name when extended 1`] = `
<View
  style={
    {
      "flex": 1,
    }
  }
/>
`;

exports[`keeps custom display name when extended 2`] = `
<View
  style={
    {
      "flex": 1,
    }
  }
/>
`;
